// Jest Snapshot v1, https://goo.gl/fbAQLP

exports[`Testing LoginForm renders as expected 1`] = `ShallowWrapper {}`;
